 453  mkdir baru
  454  cd baru
  455  git clone git@github.com:prindayu/tech4impact-students-bio.git
  456  git branch
  457  git status
  458  git init .
  459  git add .
  460  git status
  461  git branch
  462  git branch prindayu-arum-rhamadani
  463  git commit -m "baru"
  464  git status
  465  git clone git@github.com:prindayu/tech4impact-students-bio.git
  466  git pwd
  467  ls
  468  git branch
  469  git branch prindayu-arum-rhamadani
  470  git branch
  471  git checkout prindayu-arum-rhamadani
  472  touch prindayuarum.md
  473  echo "nama: prindayu arum rhamadani
  474  umur: 26
  475  pesan yang ingin disampaikan: semangat buat belajar coding" > prindayuarum.md
  476  cat
  477  git cat
  478  cat prindayuarum.md
  479  pwd
  480  git init .
  481  git add .
  482  git status
  483  git commit -m "prindayuarum.md"
  484  git branch
  485  git checkout master
  486  ls
  487  branch
  488  git branch
  489  git merge --no-ff prindayu-arum-rhamadani
  490  git status
  491  git log
  492  t e
  493  h;
  494  giemote ateadog git@t.ridyitumeegtgtbac Mmi1iiGGGGGGGGGGGGGiitt rnh    maiiieeeemtemivv git remote add origin git@github.com:prindayu/github-merge.gi[D[[git remote add origin git@github.com:prindayu/github-merge.git
  495  Dt
  496  Function Key 9~
  497  [00
  498  git remote -v
  499  git status
  500  git history
  501  clear
  502  history

JAVACOMP-KPJN@JAVACOMP-KPJNPC MINGW32 ~/Desktop/baru (master)
$ git remote add origin git@github.com:prindayu/github-merge.git

JAVACOMP-KPJN@JAVACOMP-KPJNPC MINGW32 ~/Desktop/baru (master)
$ git remote -v
origin  git@github.com:prindayu/github-merge.git (fetch)
origin  git@github.com:prindayu/github-merge.git (push)

JAVACOMP-KPJN@JAVACOMP-KPJNPC MINGW32 ~/Desktop/baru (master)
$ git branch -M master

JAVACOMP-KPJN@JAVACOMP-KPJNPC MINGW32 ~/Desktop/baru (master)
$ git push -u origin master
Enumerating objects: 6, done.
Counting objects: 100% (6/6), done.
Delta compression using up to 4 threads
Compressing objects: 100% (6/6), done.
Writing objects: 100% (6/6), 663 bytes | 663.00 KiB/s, done.
Total 6 (delta 1), reused 0 (delta 0), pack-reused 0
remote: Resolving deltas: 100% (1/1), done.
To github.com:prindayu/github-merge.git
 * [new branch]      master -> master
branch 'master' set up to track 'origin/master'.

JAVACOMP-KPJN@JAVACOMP-KPJNPC MINGW32 ~/Desktop/baru (master)
$ ls
prindayuarum.md  tech4impact-students-bio/

JAVACOMP-KPJN@JAVACOMP-KPJNPC MINGW32 ~/Desktop/baru (master)
$ cd tech4impact-students-bio/

JAVACOMP-KPJN@JAVACOMP-KPJNPC MINGW32 ~/Desktop/baru/tech4impact-students-bio (master)
$ git add .

JAVACOMP-KPJN@JAVACOMP-KPJNPC MINGW32 ~/Desktop/baru/tech4impact-students-bio (master)
$ git commit -m "baru dari dayu"
[master 99b4321] baru dari dayu
 1 file changed, 2 insertions(+), 1 deletion(-)

JAVACOMP-KPJN@JAVACOMP-KPJNPC MINGW32 ~/Desktop/baru/tech4impact-students-bio (master)
$ git status
On branch master
Your branch is ahead of 'origin/master' by 1 commit.
  (use "git push" to publish your local commits)

nothing to commit, working tree clean

JAVACOMP-KPJN@JAVACOMP-KPJNPC MINGW32 ~/Desktop/baru/tech4impact-students-bio (master)
$ git branch prindayu

JAVACOMP-KPJN@JAVACOMP-KPJNPC MINGW32 ~/Desktop/baru/tech4impact-students-bio (master)
$ cd prindayu
bash: cd: prindayu: No such file or directory

JAVACOMP-KPJN@JAVACOMP-KPJNPC MINGW32 ~/Desktop/baru/tech4impact-students-bio (master)
$ git checkout prindayu
Switched to branch 'prindayu'

JAVACOMP-KPJN@JAVACOMP-KPJNPC MINGW32 ~/Desktop/baru/tech4impact-students-bio (prindayu)
$ git push origin prindayu
Enumerating objects: 5, done.
Counting objects: 100% (5/5), done.
Delta compression using up to 4 threads
Compressing objects: 100% (2/2), done.
Writing objects: 100% (3/3), 277 bytes | 277.00 KiB/s, done.
Total 3 (delta 1), reused 0 (delta 0), pack-reused 0
remote: Resolving deltas: 100% (1/1), completed with 1 local object.
remote:
remote: Create a pull request for 'prindayu' on GitHub by visiting:
remote:      https://github.com/prindayu/tech4impact-students-bio/pull/new/prindayu
remote:
To github.com:prindayu/tech4impact-students-bio.git
 * [new branch]      prindayu -> prindayu

